2026-05-20 09:11:06.284 | INFO     | __main__:main:55 - 🚀 Starting Gold AI Bot...
2026-05-20 09:11:16.387 | INFO     | bot_messages.bot:send_message:23 - Message sent to Telegram
2026-05-20 09:11:16.391 | INFO     | __main__:main:71 - ⏰ Scheduler started — running every 30 minutes
2026-05-20 09:11:16.392 | INFO     | __main__:main:72 - 🟢 Bot is live. Press Ctrl+C to stop.
2026-05-20 09:41:16.490 | INFO     | __main__:analyze_and_signal:25 - ────────────────────────────────────────
2026-05-20 09:41:16.491 | INFO     | __main__:analyze_and_signal:26 - 🔄 Running analysis cycle...
2026-05-20 09:41:24.080 | ERROR    | data.fetcher:fetch_candles:54 - Data fetch error: 'volume'
2026-05-20 09:41:24.081 | WARNING  | data.fetcher:fetch_all_timeframes:64 - Empty data for timeframe: 1day
2026-05-20 09:41:24.365 | ERROR    | data.fetcher:fetch_candles:54 - Data fetch error: 'volume'
2026-05-20 09:41:24.365 | WARNING  | data.fetcher:fetch_all_timeframes:64 - Empty data for timeframe: 4h
2026-05-20 09:41:24.483 | ERROR    | data.fetcher:fetch_candles:54 - Data fetch error: 'volume'
2026-05-20 09:41:24.484 | WARNING  | data.fetcher:fetch_all_timeframes:64 - Empty data for timeframe: 1h
2026-05-20 09:41:24.684 | ERROR    | data.fetcher:fetch_candles:54 - Data fetch error: 'volume'
2026-05-20 09:41:24.684 | WARNING  | data.fetcher:fetch_all_timeframes:64 - Empty data for timeframe: 15min
2026-05-20 09:41:24.684 | WARNING  | __main__:analyze_and_signal:34 - No data fetched — skipping this cycle
2026-05-20 10:11:16.494 | INFO     | __main__:analyze_and_signal:25 - ────────────────────────────────────────
2026-05-20 10:11:16.494 | INFO     | __main__:analyze_and_signal:26 - 🔄 Running analysis cycle...
2026-05-20 10:11:23.280 | ERROR    | data.fetcher:fetch_candles:54 - Data fetch error: 'volume'
2026-05-20 10:11:23.281 | WARNING  | data.fetcher:fetch_all_timeframes:64 - Empty data for timeframe: 1day
2026-05-20 10:11:23.480 | ERROR    | data.fetcher:fetch_candles:54 - Data fetch error: 'volume'
2026-05-20 10:11:23.481 | WARNING  | data.fetcher:fetch_all_timeframes:64 - Empty data for timeframe: 4h
2026-05-20 10:11:23.680 | ERROR    | data.fetcher:fetch_candles:54 - Data fetch error: 'volume'
2026-05-20 10:11:23.680 | WARNING  | data.fetcher:fetch_all_timeframes:64 - Empty data for timeframe: 1h
2026-05-20 10:11:23.880 | ERROR    | data.fetcher:fetch_candles:54 - Data fetch error: 'volume'
2026-05-20 10:11:23.881 | WARNING  | data.fetcher:fetch_all_timeframes:64 - Empty data for timeframe: 15min
2026-05-20 10:11:23.881 | WARNING  | __main__:analyze_and_signal:34 - No data fetched — skipping this cycle
2026-05-20 10:41:16.494 | INFO     | __main__:analyze_and_signal:25 - ────────────────────────────────────────
2026-05-20 10:41:16.684 | INFO     | __main__:analyze_and_signal:26 - 🔄 Running analysis cycle...
2026-05-20 10:41:24.684 | ERROR    | data.fetcher:fetch_candles:54 - Data fetch error: 'volume'
2026-05-20 10:41:24.780 | WARNING  | data.fetcher:fetch_all_timeframes:64 - Empty data for timeframe: 1day
2026-05-20 10:41:24.982 | ERROR    | data.fetcher:fetch_candles:54 - Data fetch error: 'volume'
2026-05-20 10:41:24.984 | WARNING  | data.fetcher:fetch_all_timeframes:64 - Empty data for timeframe: 4h
2026-05-20 10:41:25.281 | ERROR    | data.fetcher:fetch_candles:54 - Data fetch error: 'volume'
2026-05-20 10:41:25.282 | WARNING  | data.fetcher:fetch_all_timeframes:64 - Empty data for timeframe: 1h
2026-05-20 10:41:25.482 | ERROR    | data.fetcher:fetch_candles:54 - Data fetch error: 'volume'
2026-05-20 10:41:25.483 | WARNING  | data.fetcher:fetch_all_timeframes:64 - Empty data for timeframe: 15min
2026-05-20 10:41:25.483 | WARNING  | __main__:analyze_and_signal:34 - No data fetched — skipping this cycle
2026-05-20 11:11:16.483 | INFO     | __main__:analyze_and_signal:25 - ────────────────────────────────────────
2026-05-20 11:11:16.484 | INFO     | __main__:analyze_and_signal:26 - 🔄 Running analysis cycle...
2026-05-20 11:11:23.180 | ERROR    | data.fetcher:fetch_candles:54 - Data fetch error: 'volume'
2026-05-20 11:11:23.181 | WARNING  | data.fetcher:fetch_all_timeframes:64 - Empty data for timeframe: 1day
2026-05-20 11:11:23.381 | ERROR    | data.fetcher:fetch_candles:54 - Data fetch error: 'volume'
2026-05-20 11:11:23.382 | WARNING  | data.fetcher:fetch_all_timeframes:64 - Empty data for timeframe: 4h
2026-05-20 11:11:23.580 | ERROR    | data.fetcher:fetch_candles:54 - Data fetch error: 'volume'
2026-05-20 11:11:23.581 | WARNING  | data.fetcher:fetch_all_timeframes:64 - Empty data for timeframe: 1h
2026-05-20 11:11:23.781 | ERROR    | data.fetcher:fetch_candles:54 - Data fetch error: 'volume'
2026-05-20 11:11:23.782 | WARNING  | data.fetcher:fetch_all_timeframes:64 - Empty data for timeframe: 15min
2026-05-20 11:11:23.782 | WARNING  | __main__:analyze_and_signal:34 - No data fetched — skipping this cycle
2026-05-20 11:41:16.490 | INFO     | __main__:analyze_and_signal:25 - ────────────────────────────────────────
2026-05-20 11:41:16.491 | INFO     | __main__:analyze_and_signal:26 - 🔄 Running analysis cycle...
2026-05-20 11:41:24.084 | ERROR    | data.fetcher:fetch_candles:54 - Data fetch error: 'volume'
2026-05-20 11:41:24.180 | WARNING  | data.fetcher:fetch_all_timeframes:64 - Empty data for timeframe: 1day
2026-05-20 11:41:24.344 | ERROR    | data.fetcher:fetch_candles:54 - Data fetch error: 'volume'
2026-05-20 11:41:24.881 | WARNING  | data.fetcher:fetch_all_timeframes:64 - Empty data for timeframe: 4h
2026-05-20 11:41:25.045 | ERROR    | data.fetcher:fetch_candles:54 - Data fetch error: 'volume'
2026-05-20 11:41:25.080 | WARNING  | data.fetcher:fetch_all_timeframes:64 - Empty data for timeframe: 1h
2026-05-20 11:41:25.281 | ERROR    | data.fetcher:fetch_candles:54 - Data fetch error: 'volume'
2026-05-20 11:41:25.282 | WARNING  | data.fetcher:fetch_all_timeframes:64 - Empty data for timeframe: 15min
2026-05-20 11:41:25.283 | WARNING  | __main__:analyze_and_signal:34 - No data fetched — skipping this cycle
2026-05-20 12:11:16.495 | INFO     | __main__:analyze_and_signal:25 - ────────────────────────────────────────
2026-05-20 12:11:16.495 | INFO     | __main__:analyze_and_signal:26 - 🔄 Running analysis cycle...
2026-05-20 12:11:23.582 | ERROR    | data.fetcher:fetch_candles:54 - Data fetch error: 'volume'
2026-05-20 12:11:23.583 | WARNING  | data.fetcher:fetch_all_timeframes:64 - Empty data for timeframe: 1day
2026-05-20 12:11:23.781 | ERROR    | data.fetcher:fetch_candles:54 - Data fetch error: 'volume'
2026-05-20 12:11:23.782 | WARNING  | data.fetcher:fetch_all_timeframes:64 - Empty data for timeframe: 4h
2026-05-20 12:11:23.981 | ERROR    | data.fetcher:fetch_candles:54 - Data fetch error: 'volume'
2026-05-20 12:11:23.981 | WARNING  | data.fetcher:fetch_all_timeframes:64 - Empty data for timeframe: 1h
2026-05-20 12:11:24.147 | ERROR    | data.fetcher:fetch_candles:54 - Data fetch error: 'volume'
2026-05-20 12:11:24.180 | WARNING  | data.fetcher:fetch_all_timeframes:64 - Empty data for timeframe: 15min
2026-05-20 12:11:24.180 | WARNING  | __main__:analyze_and_signal:34 - No data fetched — skipping this cycle
2026-05-20 12:41:16.487 | INFO     | __main__:analyze_and_signal:25 - ────────────────────────────────────────
2026-05-20 12:41:16.488 | INFO     | __main__:analyze_and_signal:26 - 🔄 Running analysis cycle...
2026-05-20 12:41:23.382 | ERROR    | data.fetcher:fetch_candles:54 - Data fetch error: 'volume'
2026-05-20 12:41:23.383 | WARNING  | data.fetcher:fetch_all_timeframes:64 - Empty data for timeframe: 1day
2026-05-20 12:41:23.583 | ERROR    | data.fetcher:fetch_candles:54 - Data fetch error: 'volume'
2026-05-20 12:41:23.584 | WARNING  | data.fetcher:fetch_all_timeframes:64 - Empty data for timeframe: 4h
2026-05-20 12:41:23.783 | ERROR    | data.fetcher:fetch_candles:54 - Data fetch error: 'volume'
2026-05-20 12:41:23.784 | WARNING  | data.fetcher:fetch_all_timeframes:64 - Empty data for timeframe: 1h
2026-05-20 12:41:23.983 | ERROR    | data.fetcher:fetch_candles:54 - Data fetch error: 'volume'
2026-05-20 12:41:23.984 | WARNING  | data.fetcher:fetch_all_timeframes:64 - Empty data for timeframe: 15min
2026-05-20 12:41:23.984 | WARNING  | __main__:analyze_and_signal:34 - No data fetched — skipping this cycle
2026-05-20 13:11:16.487 | INFO     | __main__:analyze_and_signal:25 - ────────────────────────────────────────
2026-05-20 13:11:16.488 | INFO     | __main__:analyze_and_signal:26 - 🔄 Running analysis cycle...
2026-05-20 13:11:23.441 | ERROR    | data.fetcher:fetch_candles:54 - Data fetch error: 'volume'
2026-05-20 13:11:23.480 | WARNING  | data.fetcher:fetch_all_timeframes:64 - Empty data for timeframe: 1day
2026-05-20 13:11:23.605 | ERROR    | data.fetcher:fetch_candles:54 - Data fetch error: 'volume'
2026-05-20 13:11:23.680 | WARNING  | data.fetcher:fetch_all_timeframes:64 - Empty data for timeframe: 4h
2026-05-20 13:11:23.783 | ERROR    | data.fetcher:fetch_candles:54 - Data fetch error: 'volume'
2026-05-20 13:11:23.784 | WARNING  | data.fetcher:fetch_all_timeframes:64 - Empty data for timeframe: 1h
2026-05-20 13:11:23.983 | ERROR    | data.fetcher:fetch_candles:54 - Data fetch error: 'volume'
2026-05-20 13:11:23.984 | WARNING  | data.fetcher:fetch_all_timeframes:64 - Empty data for timeframe: 15min
2026-05-20 13:11:23.984 | WARNING  | __main__:analyze_and_signal:34 - No data fetched — skipping this cycle
2026-05-20 13:41:16.495 | INFO     | __main__:analyze_and_signal:25 - ────────────────────────────────────────
2026-05-20 13:41:16.580 | INFO     | __main__:analyze_and_signal:26 - 🔄 Running analysis cycle...
2026-05-20 13:41:24.979 | ERROR    | data.fetcher:fetch_candles:54 - Data fetch error: 'volume'
2026-05-20 13:41:24.981 | WARNING  | data.fetcher:fetch_all_timeframes:64 - Empty data for timeframe: 1day
2026-05-20 13:41:25.185 | ERROR    | data.fetcher:fetch_candles:54 - Data fetch error: 'volume'
2026-05-20 13:41:25.279 | WARNING  | data.fetcher:fetch_all_timeframes:64 - Empty data for timeframe: 4h
2026-05-20 13:41:25.447 | ERROR    | data.fetcher:fetch_candles:54 - Data fetch error: 'volume'
2026-05-20 13:41:25.479 | WARNING  | data.fetcher:fetch_all_timeframes:64 - Empty data for timeframe: 1h
2026-05-20 13:41:25.584 | ERROR    | data.fetcher:fetch_candles:54 - Data fetch error: 'volume'
2026-05-20 13:41:25.679 | WARNING  | data.fetcher:fetch_all_timeframes:64 - Empty data for timeframe: 15min
2026-05-20 13:41:25.679 | WARNING  | __main__:analyze_and_signal:34 - No data fetched — skipping this cycle
2026-05-20 14:11:16.493 | INFO     | __main__:analyze_and_signal:25 - ────────────────────────────────────────
2026-05-20 14:11:16.494 | INFO     | __main__:analyze_and_signal:26 - 🔄 Running analysis cycle...
2026-05-20 14:11:24.881 | ERROR    | data.fetcher:fetch_candles:54 - Data fetch error: 'volume'
2026-05-20 14:11:24.882 | WARNING  | data.fetcher:fetch_all_timeframes:64 - Empty data for timeframe: 1day
2026-05-20 14:11:25.179 | ERROR    | data.fetcher:fetch_candles:54 - Data fetch error: 'volume'
2026-05-20 14:11:25.180 | WARNING  | data.fetcher:fetch_all_timeframes:64 - Empty data for timeframe: 4h
2026-05-20 14:11:25.380 | ERROR    | data.fetcher:fetch_candles:54 - Data fetch error: 'volume'
2026-05-20 14:11:25.381 | WARNING  | data.fetcher:fetch_all_timeframes:64 - Empty data for timeframe: 1h
2026-05-20 14:11:25.581 | ERROR    | data.fetcher:fetch_candles:54 - Data fetch error: 'volume'
2026-05-20 14:11:25.582 | WARNING  | data.fetcher:fetch_all_timeframes:64 - Empty data for timeframe: 15min
2026-05-20 14:11:25.582 | WARNING  | __main__:analyze_and_signal:34 - No data fetched — skipping this cycle
2026-05-20 14:41:16.491 | INFO     | __main__:analyze_and_signal:25 - ────────────────────────────────────────
2026-05-20 14:41:16.492 | INFO     | __main__:analyze_and_signal:26 - 🔄 Running analysis cycle...
2026-05-20 14:41:24.563 | ERROR    | data.fetcher:fetch_candles:54 - Data fetch error: 'volume'
2026-05-20 14:41:24.564 | WARNING  | data.fetcher:fetch_all_timeframes:64 - Empty data for timeframe: 1day
2026-05-20 14:41:24.682 | ERROR    | data.fetcher:fetch_candles:54 - Data fetch error: 'volume'
2026-05-20 14:41:24.683 | WARNING  | data.fetcher:fetch_all_timeframes:64 - Empty data for timeframe: 4h
2026-05-20 14:41:24.980 | ERROR    | data.fetcher:fetch_candles:54 - Data fetch error: 'volume'
2026-05-20 14:41:24.981 | WARNING  | data.fetcher:fetch_all_timeframes:64 - Empty data for timeframe: 1h
2026-05-20 14:41:25.182 | ERROR    | data.fetcher:fetch_candles:54 - Data fetch error: 'volume'
2026-05-20 14:41:25.183 | WARNING  | data.fetcher:fetch_all_timeframes:64 - Empty data for timeframe: 15min
2026-05-20 14:41:25.183 | WARNING  | __main__:analyze_and_signal:34 - No data fetched — skipping this cycle
2026-05-20 15:11:16.490 | INFO     | __main__:analyze_and_signal:25 - ────────────────────────────────────────
2026-05-20 15:11:16.490 | INFO     | __main__:analyze_and_signal:26 - 🔄 Running analysis cycle...
2026-05-20 15:11:24.583 | ERROR    | data.fetcher:fetch_candles:54 - Data fetch error: 'volume'
2026-05-20 15:11:24.584 | WARNING  | data.fetcher:fetch_all_timeframes:64 - Empty data for timeframe: 1day
2026-05-20 15:11:24.881 | ERROR    | data.fetcher:fetch_candles:54 - Data fetch error: 'volume'
2026-05-20 15:11:24.882 | WARNING  | data.fetcher:fetch_all_timeframes:64 - Empty data for timeframe: 4h
2026-05-20 15:11:25.083 | ERROR    | data.fetcher:fetch_candles:54 - Data fetch error: 'volume'
2026-05-20 15:11:25.083 | WARNING  | data.fetcher:fetch_all_timeframes:64 - Empty data for timeframe: 1h
2026-05-20 15:11:25.380 | ERROR    | data.fetcher:fetch_candles:54 - Data fetch error: 'volume'
2026-05-20 15:11:25.380 | WARNING  | data.fetcher:fetch_all_timeframes:64 - Empty data for timeframe: 15min
2026-05-20 15:11:25.381 | WARNING  | __main__:analyze_and_signal:34 - No data fetched — skipping this cycle
